running egg_info
creating ../../build/robot_description/robot_description.egg-info
writing ../../build/robot_description/robot_description.egg-info/PKG-INFO
writing dependency_links to ../../build/robot_description/robot_description.egg-info/dependency_links.txt
writing requirements to ../../build/robot_description/robot_description.egg-info/requires.txt
writing top-level names to ../../build/robot_description/robot_description.egg-info/top_level.txt
writing manifest file '../../build/robot_description/robot_description.egg-info/SOURCES.txt'
reading manifest file '../../build/robot_description/robot_description.egg-info/SOURCES.txt'
adding license file 'LICENSE'
writing manifest file '../../build/robot_description/robot_description.egg-info/SOURCES.txt'
running build
running build_py
creating /home/alpha/DEV/Robot_Mobile/build/robot_description/build/lib/robot_description
copying robot_description/__init__.py -> /home/alpha/DEV/Robot_Mobile/build/robot_description/build/lib/robot_description
running install
running install_lib
creating /home/alpha/DEV/Robot_Mobile/install/robot_description/lib/python3.12/site-packages/robot_description
copying /home/alpha/DEV/Robot_Mobile/build/robot_description/build/lib/robot_description/__init__.py -> /home/alpha/DEV/Robot_Mobile/install/robot_description/lib/python3.12/site-packages/robot_description
byte-compiling /home/alpha/DEV/Robot_Mobile/install/robot_description/lib/python3.12/site-packages/robot_description/__init__.py to __init__.cpython-312.pyc
running install_data
creating /home/alpha/DEV/Robot_Mobile/install/robot_description/share/ament_index/resource_index/packages
copying resource/robot_description -> /home/alpha/DEV/Robot_Mobile/install/robot_description/share/ament_index/resource_index/packages
copying package.xml -> /home/alpha/DEV/Robot_Mobile/install/robot_description/share/robot_description
running install_egg_info
Copying ../../build/robot_description/robot_description.egg-info to /home/alpha/DEV/Robot_Mobile/install/robot_description/lib/python3.12/site-packages/robot_description-0.0.0-py3.12.egg-info
running install_scripts
writing list of installed files to '/home/alpha/DEV/Robot_Mobile/build/robot_description/install.log'
