[0.692s] Invoking command in '/home/alpha/DEV/Robot_Mobile/src/robot_description': DEBUGINFOD_URLS=https://debuginfod.ubuntu.com PYTHONPATH=/home/alpha/DEV/Robot_Mobile/build/robot_description/prefix_override:/usr/lib/python3/dist-packages/colcon_core/task/python/colcon_distutils_commands:/home/alpha/DEV/Robot_Mobile/install/robot_description/lib/python3.12/site-packages:${PYTHONPATH} /usr/bin/python3 -W ignore:setup.py install is deprecated -W ignore:easy_install command is deprecated setup.py egg_info --egg-base ../../build/robot_description build --build-base /home/alpha/DEV/Robot_Mobile/build/robot_description/build install --record /home/alpha/DEV/Robot_Mobile/build/robot_description/install.log --install-scripts $base/lib/robot_description --single-version-externally-managed install_data
[0.945s] running egg_info
[0.963s] creating ../../build/robot_description/robot_description.egg-info
[0.963s] writing ../../build/robot_description/robot_description.egg-info/PKG-INFO
[0.964s] writing dependency_links to ../../build/robot_description/robot_description.egg-info/dependency_links.txt
[0.964s] writing requirements to ../../build/robot_description/robot_description.egg-info/requires.txt
[0.964s] writing top-level names to ../../build/robot_description/robot_description.egg-info/top_level.txt
[0.964s] writing manifest file '../../build/robot_description/robot_description.egg-info/SOURCES.txt'
[1.002s] reading manifest file '../../build/robot_description/robot_description.egg-info/SOURCES.txt'
[1.002s] adding license file 'LICENSE'
[1.002s] writing manifest file '../../build/robot_description/robot_description.egg-info/SOURCES.txt'
[1.002s] running build
[1.003s] running build_py
[1.003s] creating /home/alpha/DEV/Robot_Mobile/build/robot_description/build/lib/robot_description
[1.003s] copying robot_description/__init__.py -> /home/alpha/DEV/Robot_Mobile/build/robot_description/build/lib/robot_description
[1.003s] running install
[1.006s] running install_lib
[1.025s] creating /home/alpha/DEV/Robot_Mobile/install/robot_description/lib/python3.12/site-packages/robot_description
[1.025s] copying /home/alpha/DEV/Robot_Mobile/build/robot_description/build/lib/robot_description/__init__.py -> /home/alpha/DEV/Robot_Mobile/install/robot_description/lib/python3.12/site-packages/robot_description
[1.025s] byte-compiling /home/alpha/DEV/Robot_Mobile/install/robot_description/lib/python3.12/site-packages/robot_description/__init__.py to __init__.cpython-312.pyc
[1.025s] running install_data
[1.025s] creating /home/alpha/DEV/Robot_Mobile/install/robot_description/share/ament_index/resource_index/packages
[1.026s] copying resource/robot_description -> /home/alpha/DEV/Robot_Mobile/install/robot_description/share/ament_index/resource_index/packages
[1.026s] copying package.xml -> /home/alpha/DEV/Robot_Mobile/install/robot_description/share/robot_description
[1.026s] running install_egg_info
[1.044s] Copying ../../build/robot_description/robot_description.egg-info to /home/alpha/DEV/Robot_Mobile/install/robot_description/lib/python3.12/site-packages/robot_description-0.0.0-py3.12.egg-info
[1.044s] running install_scripts
[1.135s] writing list of installed files to '/home/alpha/DEV/Robot_Mobile/build/robot_description/install.log'
[1.153s] Invoked command in '/home/alpha/DEV/Robot_Mobile/src/robot_description' returned '0': DEBUGINFOD_URLS=https://debuginfod.ubuntu.com PYTHONPATH=/home/alpha/DEV/Robot_Mobile/build/robot_description/prefix_override:/usr/lib/python3/dist-packages/colcon_core/task/python/colcon_distutils_commands:/home/alpha/DEV/Robot_Mobile/install/robot_description/lib/python3.12/site-packages:${PYTHONPATH} /usr/bin/python3 -W ignore:setup.py install is deprecated -W ignore:easy_install command is deprecated setup.py egg_info --egg-base ../../build/robot_description build --build-base /home/alpha/DEV/Robot_Mobile/build/robot_description/build install --record /home/alpha/DEV/Robot_Mobile/build/robot_description/install.log --install-scripts $base/lib/robot_description --single-version-externally-managed install_data
